------------------------------------------------------------
Timing Analyzer Summary
------------------------------------------------------------

Type  : Slow 1100mV 100C Model Setup 'SLK'
Slack : -6.557
TNS   : -79.805

Type  : Slow 1100mV 100C Model Setup 'CS'
Slack : -5.780
TNS   : -63.832

Type  : Slow 1100mV 100C Model Setup 'divideClock:div2|q'
Slack : -5.074
TNS   : -29.930

Type  : Slow 1100mV 100C Model Setup 'divideClock:div1|q'
Slack : -1.971
TNS   : -1.971

Type  : Slow 1100mV 100C Model Setup 'divideClock:div0|q'
Slack : -1.614
TNS   : -1.614

Type  : Slow 1100mV 100C Model Hold 'CS'
Slack : -0.263
TNS   : -0.735

Type  : Slow 1100mV 100C Model Hold 'SLK'
Slack : 0.427
TNS   : 0.000

Type  : Slow 1100mV 100C Model Hold 'divideClock:div0|q'
Slack : 0.582
TNS   : 0.000

Type  : Slow 1100mV 100C Model Hold 'divideClock:div1|q'
Slack : 0.752
TNS   : 0.000

Type  : Slow 1100mV 100C Model Hold 'divideClock:div2|q'
Slack : 0.812
TNS   : 0.000

Type  : Slow 1100mV 100C Model Minimum Pulse Width 'SLK'
Slack : -0.693
TNS   : -21.924

Type  : Slow 1100mV 100C Model Minimum Pulse Width 'CS'
Slack : -0.601
TNS   : -20.784

Type  : Slow 1100mV 100C Model Minimum Pulse Width 'divideClock:div2|q'
Slack : -0.538
TNS   : -8.452

Type  : Slow 1100mV 100C Model Minimum Pulse Width 'divideClock:div1|q'
Slack : -0.538
TNS   : -0.813

Type  : Slow 1100mV 100C Model Minimum Pulse Width 'divideClock:div0|q'
Slack : -0.538
TNS   : -0.769

Type  : Slow 1100mV -40C Model Setup 'SLK'
Slack : -6.229
TNS   : -76.536

Type  : Slow 1100mV -40C Model Setup 'CS'
Slack : -5.594
TNS   : -62.652

Type  : Slow 1100mV -40C Model Setup 'divideClock:div2|q'
Slack : -5.002
TNS   : -29.846

Type  : Slow 1100mV -40C Model Setup 'divideClock:div1|q'
Slack : -1.887
TNS   : -1.887

Type  : Slow 1100mV -40C Model Setup 'divideClock:div0|q'
Slack : -1.657
TNS   : -1.657

Type  : Slow 1100mV -40C Model Hold 'CS'
Slack : -0.144
TNS   : -0.383

Type  : Slow 1100mV -40C Model Hold 'SLK'
Slack : 0.464
TNS   : 0.000

Type  : Slow 1100mV -40C Model Hold 'divideClock:div0|q'
Slack : 0.665
TNS   : 0.000

Type  : Slow 1100mV -40C Model Hold 'divideClock:div1|q'
Slack : 0.705
TNS   : 0.000

Type  : Slow 1100mV -40C Model Hold 'divideClock:div2|q'
Slack : 0.837
TNS   : 0.000

Type  : Slow 1100mV -40C Model Minimum Pulse Width 'SLK'
Slack : -0.714
TNS   : -22.072

Type  : Slow 1100mV -40C Model Minimum Pulse Width 'CS'
Slack : -0.701
TNS   : -22.507

Type  : Slow 1100mV -40C Model Minimum Pulse Width 'divideClock:div2|q'
Slack : -0.538
TNS   : -8.520

Type  : Slow 1100mV -40C Model Minimum Pulse Width 'divideClock:div1|q'
Slack : -0.538
TNS   : -0.801

Type  : Slow 1100mV -40C Model Minimum Pulse Width 'divideClock:div0|q'
Slack : -0.538
TNS   : -0.771

Type  : Fast 1100mV 100C Model Setup 'SLK'
Slack : -4.548
TNS   : -51.073

Type  : Fast 1100mV 100C Model Setup 'CS'
Slack : -3.360
TNS   : -31.031

Type  : Fast 1100mV 100C Model Setup 'divideClock:div2|q'
Slack : -2.894
TNS   : -14.441

Type  : Fast 1100mV 100C Model Setup 'divideClock:div1|q'
Slack : -1.207
TNS   : -1.207

Type  : Fast 1100mV 100C Model Setup 'divideClock:div0|q'
Slack : -0.848
TNS   : -0.848

Type  : Fast 1100mV 100C Model Hold 'CS'
Slack : -0.706
TNS   : -2.091

Type  : Fast 1100mV 100C Model Hold 'SLK'
Slack : 0.175
TNS   : 0.000

Type  : Fast 1100mV 100C Model Hold 'divideClock:div0|q'
Slack : 0.216
TNS   : 0.000

Type  : Fast 1100mV 100C Model Hold 'divideClock:div2|q'
Slack : 0.315
TNS   : 0.000

Type  : Fast 1100mV 100C Model Hold 'divideClock:div1|q'
Slack : 0.423
TNS   : 0.000

Type  : Fast 1100mV 100C Model Minimum Pulse Width 'CS'
Slack : -0.720
TNS   : -19.999

Type  : Fast 1100mV 100C Model Minimum Pulse Width 'SLK'
Slack : -0.685
TNS   : -19.374

Type  : Fast 1100mV 100C Model Minimum Pulse Width 'divideClock:div1|q'
Slack : 0.070
TNS   : 0.000

Type  : Fast 1100mV 100C Model Minimum Pulse Width 'divideClock:div0|q'
Slack : 0.127
TNS   : 0.000

Type  : Fast 1100mV 100C Model Minimum Pulse Width 'divideClock:div2|q'
Slack : 0.129
TNS   : 0.000

Type  : Fast 1100mV -40C Model Setup 'SLK'
Slack : -3.906
TNS   : -43.983

Type  : Fast 1100mV -40C Model Setup 'CS'
Slack : -2.917
TNS   : -24.732

Type  : Fast 1100mV -40C Model Setup 'divideClock:div2|q'
Slack : -2.745
TNS   : -13.139

Type  : Fast 1100mV -40C Model Setup 'divideClock:div1|q'
Slack : -1.006
TNS   : -1.006

Type  : Fast 1100mV -40C Model Setup 'divideClock:div0|q'
Slack : -0.744
TNS   : -0.744

Type  : Fast 1100mV -40C Model Hold 'CS'
Slack : -0.751
TNS   : -2.230

Type  : Fast 1100mV -40C Model Hold 'divideClock:div0|q'
Slack : 0.140
TNS   : 0.000

Type  : Fast 1100mV -40C Model Hold 'SLK'
Slack : 0.148
TNS   : 0.000

Type  : Fast 1100mV -40C Model Hold 'divideClock:div2|q'
Slack : 0.264
TNS   : 0.000

Type  : Fast 1100mV -40C Model Hold 'divideClock:div1|q'
Slack : 0.279
TNS   : 0.000

Type  : Fast 1100mV -40C Model Minimum Pulse Width 'CS'
Slack : -0.783
TNS   : -22.248

Type  : Fast 1100mV -40C Model Minimum Pulse Width 'SLK'
Slack : -0.736
TNS   : -21.696

Type  : Fast 1100mV -40C Model Minimum Pulse Width 'divideClock:div1|q'
Slack : 0.093
TNS   : 0.000

Type  : Fast 1100mV -40C Model Minimum Pulse Width 'divideClock:div2|q'
Slack : 0.129
TNS   : 0.000

Type  : Fast 1100mV -40C Model Minimum Pulse Width 'divideClock:div0|q'
Slack : 0.130
TNS   : 0.000

------------------------------------------------------------
